
Allocating common symbols
Common symbol       size              file

pid_pool            0x28              build/thread.o
argv                0x40              build/shell.o
kbd_buf             0x82c             build/keyboard.o
root_dir            0x208             build/dir.o
thread_ready_list   0x10              build/thread.o
thread_all_list     0x10              build/thread.o
user_pool           0x2c              build/memory.o
channel_cnt         0x1               build/ide.o
cur_part            0x4               build/fs.o
k_block_descs       0xa8              build/memory.o
idle_thread         0x4               build/thread.o
intr_name           0x204             build/interrupt.o
main_thread         0x4               build/thread.o
channels            0xcc0             build/ide.o
ticks               0x4               build/timer.o
kernel_vaddr        0xc               build/memory.o
syscall_table       0x80              build/syscall-init.o
idt_table           0x204             build/interrupt.o
file_table          0x180             build/file.o
partition_list      0x10              build/ide.o
kernel_pool         0x2c              build/memory.o
pid_lock            0x1c              build/thread.o

Discarded input sections

 .note.GNU-stack
                0x0000000000000000        0x0 build/main.o
 .note.GNU-stack
                0x0000000000000000        0x0 build/init.o
 .note.GNU-stack
                0x0000000000000000        0x0 build/interrupt.o
 .note.GNU-stack
                0x0000000000000000        0x0 build/timer.o
 .note.GNU-stack
                0x0000000000000000        0x0 build/debug.o
 .note.GNU-stack
                0x0000000000000000        0x0 build/string.o
 .note.GNU-stack
                0x0000000000000000        0x0 build/bitmap.o
 .note.GNU-stack
                0x0000000000000000        0x0 build/memory.o
 .note.GNU-stack
                0x0000000000000000        0x0 build/thread.o
 .note.GNU-stack
                0x0000000000000000        0x0 build/list.o
 .note.GNU-stack
                0x0000000000000000        0x0 build/sync.o
 .note.GNU-stack
                0x0000000000000000        0x0 build/console.o
 .note.GNU-stack
                0x0000000000000000        0x0 build/keyboard.o
 .note.GNU-stack
                0x0000000000000000        0x0 build/ioqueue.o
 .note.GNU-stack
                0x0000000000000000        0x0 build/tss.o
 .note.GNU-stack
                0x0000000000000000        0x0 build/process.o
 .note.GNU-stack
                0x0000000000000000        0x0 build/syscall.o
 .note.GNU-stack
                0x0000000000000000        0x0 build/syscall-init.o
 .note.GNU-stack
                0x0000000000000000        0x0 build/stdio.o
 .note.GNU-stack
                0x0000000000000000        0x0 build/stdio-kernel.o
 .note.GNU-stack
                0x0000000000000000        0x0 build/ide.o
 .note.GNU-stack
                0x0000000000000000        0x0 build/fs.o
 .note.GNU-stack
                0x0000000000000000        0x0 build/inode.o
 .note.GNU-stack
                0x0000000000000000        0x0 build/file.o
 .note.GNU-stack
                0x0000000000000000        0x0 build/dir.o
 .note.GNU-stack
                0x0000000000000000        0x0 build/fork.o
 .note.GNU-stack
                0x0000000000000000        0x0 build/shell.o
 .note.GNU-stack
                0x0000000000000000        0x0 build/buildin_cmd.o
 .note.GNU-stack
                0x0000000000000000        0x0 build/exec.o
 .note.GNU-stack
                0x0000000000000000        0x0 build/assert.o
 .note.GNU-stack
                0x0000000000000000        0x0 build/wait_exit.o
 .note.GNU-stack
                0x0000000000000000        0x0 build/pipe.o

Memory Configuration

Name             Origin             Length             Attributes
*default*        0x0000000000000000 0xffffffffffffffff

Linker script and memory map

Address of section .text set to 0xc0001500
LOAD build/main.o
LOAD build/init.o
LOAD build/interrupt.o
LOAD build/timer.o
LOAD build/kernel.o
LOAD build/print.o
LOAD build/debug.o
LOAD build/string.o
LOAD build/bitmap.o
LOAD build/memory.o
LOAD build/thread.o
LOAD build/list.o
LOAD build/switch.o
LOAD build/sync.o
LOAD build/console.o
LOAD build/keyboard.o
LOAD build/ioqueue.o
LOAD build/tss.o
LOAD build/process.o
LOAD build/syscall.o
LOAD build/syscall-init.o
LOAD build/stdio.o
LOAD build/stdio-kernel.o
LOAD build/ide.o
LOAD build/fs.o
LOAD build/inode.o
LOAD build/file.o
LOAD build/dir.o
LOAD build/fork.o
LOAD build/shell.o
LOAD build/buildin_cmd.o
LOAD build/exec.o
LOAD build/assert.o
LOAD build/wait_exit.o
LOAD build/pipe.o
                [!provide]                        PROVIDE (__executable_start = SEGMENT_START ("text-segment", 0x8048000))
                0x00000000080480d4                . = (SEGMENT_START ("text-segment", 0x8048000) + SIZEOF_HEADERS)

.interp
 *(.interp)

.note.gnu.build-id
 *(.note.gnu.build-id)

.hash
 *(.hash)

.gnu.hash
 *(.gnu.hash)

.dynsym
 *(.dynsym)

.dynstr
 *(.dynstr)

.gnu.version
 *(.gnu.version)

.gnu.version_d
 *(.gnu.version_d)

.gnu.version_r
 *(.gnu.version_r)

.rel.dyn        0x00000000080480d4        0x0
 *(.rel.init)
 *(.rel.text .rel.text.* .rel.gnu.linkonce.t.*)
 .rel.text      0x00000000080480d4        0x0 build/main.o
 *(.rel.fini)
 *(.rel.rodata .rel.rodata.* .rel.gnu.linkonce.r.*)
 *(.rel.data.rel.ro .rel.data.rel.ro.* .rel.gnu.linkonce.d.rel.ro.*)
 *(.rel.data .rel.data.* .rel.gnu.linkonce.d.*)
 *(.rel.tdata .rel.tdata.* .rel.gnu.linkonce.td.*)
 *(.rel.tbss .rel.tbss.* .rel.gnu.linkonce.tb.*)
 *(.rel.ctors)
 *(.rel.dtors)
 *(.rel.got)
 .rel.got       0x00000000080480d4        0x0 build/main.o
 *(.rel.bss .rel.bss.* .rel.gnu.linkonce.b.*)
 *(.rel.ifunc)

.rel.plt        0x00000000080480d4        0x0
 *(.rel.plt)
                [!provide]                        PROVIDE (__rel_iplt_start = .)
 *(.rel.iplt)
 .rel.iplt      0x00000000080480d4        0x0 build/main.o
                [!provide]                        PROVIDE (__rel_iplt_end = .)

.relr.dyn
 *(.relr.dyn)
                0x0000000008049000                . = ALIGN (CONSTANT (MAXPAGESIZE))

.init
 *(SORT_NONE(.init))

.plt            0x0000000008049000        0x0
 *(.plt)
 *(.iplt)
 .iplt          0x0000000008049000        0x0 build/main.o

.plt.got
 *(.plt.got)

.plt.sec
 *(.plt.sec)

.text           0x00000000c0001500     0xc1af
 *(.text.unlikely .text.*_unlikely .text.unlikely.*)
 *(.text.exit .text.exit.*)
 *(.text.startup .text.startup.*)
 *(.text.hot .text.hot.*)
 *(SORT_BY_NAME(.text.sorted.*))
 *(.text .stub .text.* .gnu.linkonce.t.*)
 .text          0x00000000c0001500      0x149 build/main.o
                0x00000000c0001500                main
                0x00000000c00015e4                init
 .text          0x00000000c0001649       0x4f build/init.o
                0x00000000c0001649                init_all
 .text          0x00000000c0001698      0x460 build/interrupt.o
                0x00000000c00019e1                intr_get_status
                0x00000000c0001a05                intr_enable
                0x00000000c0001a2e                intr_disable
                0x00000000c0001a57                intr_set_status
                0x00000000c0001a72                register_handler
                0x00000000c0001a8e                idt_init
 .text          0x00000000c0001af8      0x1dd build/timer.o
                0x00000000c0001c15                timer_init
                0x00000000c0001c8b                mtime_sleep
 *fill*         0x00000000c0001cd5        0xb 
 .text          0x00000000c0001ce0      0x55b build/kernel.o
                0x00000000c0001ce0                intr_exit
                0x00000000c0002217                syscall_handler
 *fill*         0x00000000c000223b        0x5 
 .text          0x00000000c0002240      0x1b1 build/print.o
                0x00000000c0002240                put_str
                0x00000000c000225e                put_char
                0x00000000c000232b                put_int
                0x00000000c000238e                set_cursor
                0x00000000c00023b2                cls_screen
 .text          0x00000000c00023f1       0xd6 build/debug.o
                0x00000000c00023f1                panic_spin
 .text          0x00000000c00024c7      0x3ce build/string.o
                0x00000000c00024c7                memset
                0x00000000c0002518                memcpy
                0x00000000c0002577                memcmp
                0x00000000c00025fa                strcpy
                0x00000000c000264f                strlen
                0x00000000c000269a                strcmp
                0x00000000c0002713                strchr
                0x00000000c000276b                strrchr
                0x00000000c00027c9                strcat
                0x00000000c0002833                strchrs
 .text          0x00000000c0002895      0x1d7 build/bitmap.o
                0x00000000c0002895                bitmap_init
                0x00000000c00028b7                bitmap_scan_test
                0x00000000c00028f7                bitmap_scan
                0x00000000c00029bc                bitmap_set
 .text          0x00000000c0002a6c     0x11f2 build/memory.o
                0x00000000c0002ddb                pde_ptr
                0x00000000c0002df7                pte_ptr
                0x00000000c0002f44                malloc_page
                0x00000000c0003008                get_kernel_pages
                0x00000000c0003063                get_user_pages
                0x00000000c00030b8                get_a_page
                0x00000000c0003228                block_desc_init
                0x00000000c00032e1                sys_malloc
                0x00000000c0003615                pfree
                0x00000000c0003749                mfree_page
                0x00000000c0003911                sys_free
                0x00000000c0003af7                mem_init
                0x00000000c0003b47                addr_v2p
                0x00000000c0003b73                get_a_page_without_opvaddrbitmap
                0x00000000c0003bfd                free_a_phy_page
 .text          0x00000000c0003c5e      0xbef build/thread.o
                0x00000000c0003c75                running_thread
                0x00000000c0003d04                thread_create
                0x00000000c0003d7a                init_thread
                0x00000000c0003e79                thread_start
                0x00000000c0003fd4                schedule
                0x00000000c0004166                thread_init
                0x00000000c00041e8                thread_block
                0x00000000c000424a                thread_unblock
                0x00000000c0004343                thread_yield
                0x00000000c00043c6                fork_pid
                0x00000000c000467c                sys_ps
                0x00000000c00046c1                release_pid
                0x00000000c0004716                thread_exit
                0x00000000c0004811                pid2thread
 .text          0x00000000c000484d      0x1ee build/list.o
                0x00000000c000484d                list_init
                0x00000000c000487a                list_insert_before
                0x00000000c00048be                list_push
                0x00000000c00048db                list_append
                0x00000000c00048f8                list_remove
                0x00000000c0004931                list_pop
                0x00000000c0004953                elem_find
                0x00000000c000498e                list_traversal
                0x00000000c00049ed                list_len
                0x00000000c0004a22                list_empty
 *fill*         0x00000000c0004a3b        0x5 
 .text          0x00000000c0004a40       0x15 build/switch.o
                0x00000000c0004a40                switch_to
 .text          0x00000000c0004a55      0x30e build/sync.o
                0x00000000c0004a55                sema_init
                0x00000000c0004a7e                lock_init
                0x00000000c0004aad                sema_down
                0x00000000c0004ba7                sema_up
                0x00000000c0004c55                lock_acquire
                0x00000000c0004ccb                lock_release
 .text          0x00000000c0004d63       0xb0 build/console.o
                0x00000000c0004d63                console_init
                0x00000000c0004d7b                console_acquire
                0x00000000c0004d93                console_release
                0x00000000c0004dab                console_put_str
                0x00000000c0004dcb                console_put_char
                0x00000000c0004df3                console_put_int
 .text          0x00000000c0004e13      0x2cf build/keyboard.o
                0x00000000c0005098                keyboard_init
 .text          0x00000000c00050e2      0x377 build/ioqueue.o
                0x00000000c00050e2                ioqueue_init
                0x00000000c000514d                ioq_full
                0x00000000c000519f                ioq_empty
                0x00000000c0005272                ioq_getchar
                0x00000000c0005334                ioq_putchar
                0x00000000c00053f8                ioq_length
 .text          0x00000000c0005459      0x190 build/tss.o
                0x00000000c0005459                update_tss_esp
                0x00000000c00054da                tss_init
 .text          0x00000000c00055e9      0x362 build/process.o
                0x00000000c00055e9                create_user_vaddr_bitmap
                0x00000000c0005634                create_page_dir
                0x00000000c00056ac                start_process
                0x00000000c00057b0                page_dir_activate
                0x00000000c00057e4                process_activate
                0x00000000c0005831                process_execute
 .text          0x00000000c000594b      0x34a build/syscall.o
                0x00000000c000594b                getpid
                0x00000000c0005960                write
                0x00000000c0005983                malloc
                0x00000000c00059a2                free
                0x00000000c00059be                fork
                0x00000000c00059d3                read
                0x00000000c00059f6                putchar
                0x00000000c0005a19                clear
                0x00000000c0005a2b                getcwd
                0x00000000c0005a4d                open
                0x00000000c0005a76                close
                0x00000000c0005a95                lseek
                0x00000000c0005abf                unlink
                0x00000000c0005ade                mkdir
                0x00000000c0005afd                opendir
                0x00000000c0005b1c                closedir
                0x00000000c0005b3b                rmdir
                0x00000000c0005b5a                readdir
                0x00000000c0005b79                rewinddir
                0x00000000c0005b95                stat
                0x00000000c0005bb7                chdir
                0x00000000c0005bd6                ps
                0x00000000c0005be8                execv
                0x00000000c0005c0a                exit
                0x00000000c0005c26                wait
                0x00000000c0005c45                pipe
                0x00000000c0005c64                fd_redirect
                0x00000000c0005c83                help
 .text          0x00000000c0005c95      0x154 build/syscall-init.o
                0x00000000c0005c95                sys_getpid
                0x00000000c0005ca9                syscall_init
 .text          0x00000000c0005de9      0x29b build/stdio.o
                0x00000000c0005e67                vsprintf
                0x00000000c0005fe4                printf
                0x00000000c0006054                sprintf
 .text          0x00000000c0006084       0x5b build/stdio-kernel.o
                0x00000000c0006084                printk
 .text          0x00000000c00060df      0xd80 build/ide.o
                0x00000000c00063e6                ide_read
                0x00000000c0006556                ide_write
                0x00000000c00066c9                intr_hd_handler
                0x00000000c0006c54                ide_init
 .text          0x00000000c0006e5f     0x2209 build/fs.o
                0x00000000c00074e0                filesys_init
                0x00000000c00076d7                path_parse
                0x00000000c0007735                path_depth_cnt
                0x00000000c0007a41                sys_open
                0x00000000c0007ca3                fd_local2global
                0x00000000c0007cf0                sys_close
                0x00000000c0007def                sys_write
                0x00000000c0007f30                sys_read
                0x00000000c0008076                sys_lseek
                0x00000000c0008163                sys_unlink
                0x00000000c0008387                sys_mkdir
                0x00000000c0008777                sys_opendir
                0x00000000c0008887                sys_closedir
                0x00000000c00088b4                sys_readdir
                0x00000000c00088ec                sys_rewinddir
                0x00000000c00088fb                sys_rmdir
                0x00000000c0008c86                sys_getcwd
                0x00000000c0008e79                sys_chdir
                0x00000000c0008f05                sys_stat
                0x00000000c000902f                sys_putchar
                0x00000000c0009050                sys_help
 .text          0x00000000c0009068      0x71e build/inode.o
                0x00000000c0009101                inode_sync
                0x00000000c0009227                inode_open
                0x00000000c000936d                inode_close
                0x00000000c00093e8                inode_init
                0x00000000c000943d                inode_delete
                0x00000000c000954e                inode_release
 .text          0x00000000c0009786     0x116b build/file.o
                0x00000000c0009786                get_free_slot_in_global
                0x00000000c00097db                pcb_fd_install
                0x00000000c0009848                inode_bitmap_alloc
                0x00000000c000988f                block_bitmap_alloc
                0x00000000c00098e1                bitmap_sync
                0x00000000c0009968                file_create
                0x00000000c0009c28                file_open
                0x00000000c0009d5c                file_close
                0x00000000c0009d9f                file_write
                0x00000000c000a546                file_read
 .text          0x00000000c000a8f1      0xe73 build/dir.o
                0x00000000c000a8f1                open_root_dir
                0x00000000c000a920                dir_open
                0x00000000c000a960                search_dir_entry
                0x00000000c000ab38                dir_close
                0x00000000c000ab6a                create_dir_entry
                0x00000000c000abda                sync_dir_entry
                0x00000000c000b028                delete_dir_entry
                0x00000000c000b48f                dir_read
                0x00000000c000b676                dir_is_empty
                0x00000000c000b6a1                dir_remove
 .text          0x00000000c000b764      0x50c build/fork.o
                0x00000000c000bb4c                sys_fork
 .text          0x00000000c000bc70      0x765 build/shell.o
                0x00000000c000bc70                print_prompt
                0x00000000c000c16d                my_shell
 .text          0x00000000c000c3d5      0x8e2 build/buildin_cmd.o
                0x00000000c000c545                make_clear_abs_path
                0x00000000c000c5fd                buildin_pwd
                0x00000000c000c65d                buildin_cd
                0x00000000c000c6e7                buildin_ls
                0x00000000c000caaa                buildin_ps
                0x00000000c000cacf                buildin_clear
                0x00000000c000caf4                buildin_mkdir
                0x00000000c000cb86                buildin_rmdir
                0x00000000c000cc18                buildin_rm
                0x00000000c000ccaa                buildin_help
 .text          0x00000000c000ccb7      0x338 build/exec.o
                0x00000000c000cf44                sys_execv
 .text          0x00000000c000cfef       0x24 build/assert.o
                0x00000000c000cfef                user_spin
 .text          0x00000000c000d013      0x42f build/wait_exit.o
                0x00000000c000d2d9                sys_wait
                0x00000000c000d390                sys_exit
 .text          0x00000000c000d442      0x26d build/pipe.o
                0x00000000c000d442                is_pipe
                0x00000000c000d47a                sys_pipe
                0x00000000c000d54f                pipe_read
                0x00000000c000d5d5                pipe_write
                0x00000000c000d667                sys_fd_redirect
 *(.gnu.warning)

.fini
 *(SORT_NONE(.fini))
                [!provide]                        PROVIDE (__etext = .)
                [!provide]                        PROVIDE (_etext = .)
                [!provide]                        PROVIDE (etext = .)
                0x00000000c000e000                . = ALIGN (CONSTANT (MAXPAGESIZE))
                0x00000000c000e000                . = SEGMENT_START ("rodata-segment", (ALIGN (CONSTANT (MAXPAGESIZE)) + (. & (CONSTANT (MAXPAGESIZE) - 0x1))))

.rodata         0x00000000c000e000     0x2930
 *(.rodata .rodata.* .gnu.linkonce.r.*)
 .rodata        0x00000000c000e000       0xb0 build/main.o
 .rodata        0x00000000c000e0b0        0xa build/init.o
 *fill*         0x00000000c000e0ba        0x2 
 .rodata        0x00000000c000e0bc      0x2cd build/interrupt.o
 *fill*         0x00000000c000e389        0x3 
 .rodata        0x00000000c000e38c       0x87 build/timer.o
 .rodata        0x00000000c000e413       0x3f build/debug.o
 .rodata        0x00000000c000e452       0xb9 build/string.o
 .rodata        0x00000000c000e50b       0x3c build/bitmap.o
 *fill*         0x00000000c000e547        0x1 
 .rodata        0x00000000c000e548      0x3c0 build/memory.o
 .rodata        0x00000000c000e908      0x3ca build/thread.o
 *fill*         0x00000000c000ecd2        0x2 
 .rodata        0x00000000c000ecd4      0x12f build/sync.o
 .rodata        0x00000000c000ee03       0x36 build/keyboard.o
 *fill*         0x00000000c000ee39        0x3 
 .rodata        0x00000000c000ee3c       0x9d build/ioqueue.o
 .rodata        0x00000000c000eed9       0x27 build/tss.o
 .rodata        0x00000000c000ef00       0xdd build/process.o
 .rodata        0x00000000c000efdd       0x27 build/syscall-init.o
 .rodata        0x00000000c000f004      0x1f4 build/ide.o
 .rodata        0x00000000c000f1f8      0xa1c build/fs.o
 .rodata        0x00000000c000fc14       0xbb build/inode.o
 *fill*         0x00000000c000fccf        0x1 
 .rodata        0x00000000c000fcd0      0x434 build/file.o
 .rodata        0x00000000c0010104      0x203 build/dir.o
 *fill*         0x00000000c0010307        0x1 
 .rodata        0x00000000c0010308      0x102 build/fork.o
 *fill*         0x00000000c001040a        0x2 
 .rodata        0x00000000c001040c      0x19e build/shell.o
 *fill*         0x00000000c00105aa        0x2 
 .rodata        0x00000000c00105ac      0x2fe build/buildin_cmd.o
 .rodata        0x00000000c00108aa        0x8 build/exec.o
 *fill*         0x00000000c00108b2        0x2 
 .rodata        0x00000000c00108b4       0x32 build/assert.o
 *fill*         0x00000000c00108e6        0x2 
 .rodata        0x00000000c00108e8       0x48 build/wait_exit.o

.rodata1
 *(.rodata1)

.eh_frame_hdr
 *(.eh_frame_hdr)
 *(.eh_frame_entry .eh_frame_entry.*)

.eh_frame       0x00000000c0010930     0x2268
 *(.eh_frame)
 .eh_frame      0x00000000c0010930       0x64 build/main.o
 .eh_frame      0x00000000c0010994       0x20 build/init.o
                                         0x38 (size before relaxing)
 .eh_frame      0x00000000c00109b4      0x188 build/interrupt.o
                                        0x1a0 (size before relaxing)
 .eh_frame      0x00000000c0010b3c       0xcc build/timer.o
                                         0xe4 (size before relaxing)
 .eh_frame      0x00000000c0010c08       0x1c build/debug.o
                                         0x34 (size before relaxing)
 .eh_frame      0x00000000c0010c24      0x140 build/string.o
                                        0x158 (size before relaxing)
 .eh_frame      0x00000000c0010d64       0x8c build/bitmap.o
                                         0xa4 (size before relaxing)
 .eh_frame      0x00000000c0010df0      0x2e0 build/memory.o
                                        0x2f8 (size before relaxing)
 .eh_frame      0x00000000c00110d0      0x2bc build/thread.o
                                        0x2d4 (size before relaxing)
 .eh_frame      0x00000000c001138c      0x140 build/list.o
                                        0x158 (size before relaxing)
 .eh_frame      0x00000000c00114cc       0xc8 build/sync.o
                                         0xe0 (size before relaxing)
 .eh_frame      0x00000000c0011594       0xc0 build/console.o
                                         0xd8 (size before relaxing)
 .eh_frame      0x00000000c0011654       0x60 build/keyboard.o
                                         0x78 (size before relaxing)
 .eh_frame      0x00000000c00116b4      0x120 build/ioqueue.o
                                        0x138 (size before relaxing)
 .eh_frame      0x00000000c00117d4       0x64 build/tss.o
                                         0x7c (size before relaxing)
 .eh_frame      0x00000000c0011838       0xc0 build/process.o
                                         0xd8 (size before relaxing)
 .eh_frame      0x00000000c00118f8      0x3dc build/syscall.o
                                        0x3f4 (size before relaxing)
 .eh_frame      0x00000000c0011cd4       0x40 build/syscall-init.o
                                         0x58 (size before relaxing)
 .eh_frame      0x00000000c0011d14       0x84 build/stdio.o
                                         0x9c (size before relaxing)
 .eh_frame      0x00000000c0011d98       0x24 build/stdio-kernel.o
                                         0x3c (size before relaxing)
 .eh_frame      0x00000000c0011dbc      0x254 build/ide.o
                                        0x26c (size before relaxing)
 .eh_frame      0x00000000c0012010      0x36c build/fs.o
                                        0x384 (size before relaxing)
 .eh_frame      0x00000000c001237c       0xe4 build/inode.o
                                         0xfc (size before relaxing)
 .eh_frame      0x00000000c0012460      0x140 build/file.o
                                        0x158 (size before relaxing)
 .eh_frame      0x00000000c00125a0      0x14c build/dir.o
                                        0x164 (size before relaxing)
 .eh_frame      0x00000000c00126ec       0xc0 build/fork.o
                                         0xd8 (size before relaxing)
 .eh_frame      0x00000000c00127ac       0x9c build/shell.o
                                         0xb4 (size before relaxing)
 .eh_frame      0x00000000c0012848      0x170 build/buildin_cmd.o
                                        0x188 (size before relaxing)
 .eh_frame      0x00000000c00129b8       0x60 build/exec.o
                                         0x78 (size before relaxing)
 .eh_frame      0x00000000c0012a18       0x1c build/assert.o
                                         0x34 (size before relaxing)
 .eh_frame      0x00000000c0012a34       0xc0 build/wait_exit.o
                                         0xd8 (size before relaxing)
 .eh_frame      0x00000000c0012af4       0xa4 build/pipe.o
                                         0xbc (size before relaxing)
 *(.eh_frame.*)

.gcc_except_table
 *(.gcc_except_table .gcc_except_table.*)

.gnu_extab
 *(.gnu_extab*)

.exception_ranges
 *(.exception_ranges*)
                0x00000000c0014000                . = DATA_SEGMENT_ALIGN (CONSTANT (MAXPAGESIZE), CONSTANT (COMMONPAGESIZE))

.eh_frame
 *(.eh_frame)
 *(.eh_frame.*)

.gnu_extab
 *(.gnu_extab)

.gcc_except_table
 *(.gcc_except_table .gcc_except_table.*)

.exception_ranges
 *(.exception_ranges*)

.tdata          0x00000000c0014000        0x0
                [!provide]                        PROVIDE (__tdata_start = .)
 *(.tdata .tdata.* .gnu.linkonce.td.*)

.tbss
 *(.tbss .tbss.* .gnu.linkonce.tb.*)
 *(.tcommon)

.preinit_array  0x00000000c0014000        0x0
                [!provide]                        PROVIDE (__preinit_array_start = .)
 *(.preinit_array)
                [!provide]                        PROVIDE (__preinit_array_end = .)

.init_array     0x00000000c0014000        0x0
                [!provide]                        PROVIDE (__init_array_start = .)
 *(SORT_BY_INIT_PRIORITY(.init_array.*) SORT_BY_INIT_PRIORITY(.ctors.*))
 *(.init_array EXCLUDE_FILE(*crtend?.o *crtend.o *crtbegin?.o *crtbegin.o) .ctors)
                [!provide]                        PROVIDE (__init_array_end = .)

.fini_array     0x00000000c0014000        0x0
                [!provide]                        PROVIDE (__fini_array_start = .)
 *(SORT_BY_INIT_PRIORITY(.fini_array.*) SORT_BY_INIT_PRIORITY(.dtors.*))
 *(.fini_array EXCLUDE_FILE(*crtend?.o *crtend.o *crtbegin?.o *crtbegin.o) .dtors)
                [!provide]                        PROVIDE (__fini_array_end = .)

.ctors
 *crtbegin.o(.ctors)
 *crtbegin?.o(.ctors)
 *(EXCLUDE_FILE(*crtend?.o *crtend.o) .ctors)
 *(SORT_BY_NAME(.ctors.*))
 *(.ctors)

.dtors
 *crtbegin.o(.dtors)
 *crtbegin?.o(.dtors)
 *(EXCLUDE_FILE(*crtend?.o *crtend.o) .dtors)
 *(SORT_BY_NAME(.dtors.*))
 *(.dtors)

.jcr
 *(.jcr)

.data.rel.ro
 *(.data.rel.ro.local* .gnu.linkonce.d.rel.ro.local.*)
 *(.data.rel.ro .data.rel.ro.* .gnu.linkonce.d.rel.ro.*)

.dynamic
 *(.dynamic)

.got            0x00000000c0014000        0x0
 *(.got)
 .got           0x00000000c0014000        0x0 build/main.o
 *(.igot)
                0x00000000c0014000                . = DATA_SEGMENT_RELRO_END (., (SIZEOF (.got.plt) >= 0xc)?0xc:0x0)

.got.plt        0x00000000c0014000        0x0
 *(.got.plt)
 .got.plt       0x00000000c0014000        0x0 build/main.o
 *(.igot.plt)
 .igot.plt      0x00000000c0014000        0x0 build/main.o

.data           0x00000000c0014000      0x17c
 *(.data .data.* .gnu.linkonce.d.*)
 .data          0x00000000c0014000        0x0 build/main.o
 .data          0x00000000c0014000        0x0 build/init.o
 .data          0x00000000c0014000        0x0 build/interrupt.o
 .data          0x00000000c0014000        0x0 build/timer.o
 .data          0x00000000c0014000       0xc0 build/kernel.o
                0x00000000c0014000                intr_entry_table
 .data          0x00000000c00140c0        0x8 build/print.o
 .data          0x00000000c00140c8        0x0 build/debug.o
 .data          0x00000000c00140c8        0x0 build/string.o
 .data          0x00000000c00140c8        0x0 build/bitmap.o
 .data          0x00000000c00140c8        0x0 build/memory.o
 .data          0x00000000c00140c8        0x0 build/thread.o
 .data          0x00000000c00140c8        0x0 build/list.o
 .data          0x00000000c00140c8        0x0 build/sync.o
 .data          0x00000000c00140c8        0x0 build/console.o
 *fill*         0x00000000c00140c8       0x38 
 .data          0x00000000c0014100       0x76 build/keyboard.o
                0x00000000c0014100                keymap
 .data          0x00000000c0014176        0x0 build/ioqueue.o
 .data          0x00000000c0014176        0x0 build/tss.o
 .data          0x00000000c0014176        0x0 build/process.o
 .data          0x00000000c0014176        0x0 build/syscall.o
 .data          0x00000000c0014176        0x0 build/syscall-init.o
 .data          0x00000000c0014176        0x0 build/stdio.o
 .data          0x00000000c0014176        0x0 build/stdio-kernel.o
 .data          0x00000000c0014176        0x0 build/ide.o
 .data          0x00000000c0014176        0x0 build/fs.o
 .data          0x00000000c0014176        0x0 build/inode.o
 .data          0x00000000c0014176        0x0 build/file.o
 .data          0x00000000c0014176        0x0 build/dir.o
 .data          0x00000000c0014176        0x0 build/fork.o
 *fill*         0x00000000c0014176        0x2 
 .data          0x00000000c0014178        0x4 build/shell.o
                0x00000000c0014178                argc
 .data          0x00000000c001417c        0x0 build/buildin_cmd.o
 .data          0x00000000c001417c        0x0 build/exec.o
 .data          0x00000000c001417c        0x0 build/assert.o
 .data          0x00000000c001417c        0x0 build/wait_exit.o
 .data          0x00000000c001417c        0x0 build/pipe.o

.data1
 *(.data1)
                0x00000000c001417c                _edata = .
                [!provide]                        PROVIDE (edata = .)
                0x00000000c001417c                . = .
                0x00000000c001417c                __bss_start = .

.bss            0x00000000c0014180     0x2880
 *(.dynbss)
 *(.bss .bss.* .gnu.linkonce.b.*)
 .bss           0x00000000c0014180        0x0 build/main.o
 .bss           0x00000000c0014180        0x0 build/init.o
 .bss           0x00000000c0014180      0x408 build/interrupt.o
 .bss           0x00000000c0014588        0x0 build/timer.o
 .bss           0x00000000c0014588        0x0 build/debug.o
 .bss           0x00000000c0014588        0x0 build/string.o
 .bss           0x00000000c0014588        0x0 build/bitmap.o
 .bss           0x00000000c0014588        0x0 build/memory.o
 *fill*         0x00000000c0014588       0x38 
 .bss           0x00000000c00145c0       0x84 build/thread.o
                0x00000000c00145c0                pid_bitmap_bits
 .bss           0x00000000c0014644        0x0 build/list.o
 .bss           0x00000000c0014644        0x0 build/sync.o
 .bss           0x00000000c0014644       0x1c build/console.o
 .bss           0x00000000c0014660       0x14 build/keyboard.o
                0x00000000c0014660                ctrl_status
                0x00000000c0014664                shift_status
                0x00000000c0014668                alt_status
                0x00000000c001466c                caps_lock_status
                0x00000000c0014670                ext_scancode
 .bss           0x00000000c0014674        0x0 build/ioqueue.o
 *fill*         0x00000000c0014674        0xc 
 .bss           0x00000000c0014680       0x68 build/tss.o
 .bss           0x00000000c00146e8        0x0 build/process.o
 .bss           0x00000000c00146e8        0x0 build/syscall.o
 .bss           0x00000000c00146e8        0x0 build/syscall-init.o
 .bss           0x00000000c00146e8        0x0 build/stdio.o
 .bss           0x00000000c00146e8        0x0 build/stdio-kernel.o
 .bss           0x00000000c00146e8        0x6 build/ide.o
                0x00000000c00146e8                ext_lba_base
                0x00000000c00146ec                p_no
                0x00000000c00146ed                l_no
 .bss           0x00000000c00146ee        0x0 build/fs.o
 .bss           0x00000000c00146ee        0x0 build/inode.o
 .bss           0x00000000c00146ee        0x0 build/file.o
 .bss           0x00000000c00146ee        0x0 build/dir.o
 .bss           0x00000000c00146ee        0x0 build/fork.o
 *fill*         0x00000000c00146ee       0x12 
 .bss           0x00000000c0014700      0x2c0 build/shell.o
                0x00000000c0014700                cwd_cache
                0x00000000c0014740                final_path
 .bss           0x00000000c00149c0        0x0 build/buildin_cmd.o
 .bss           0x00000000c00149c0        0x0 build/exec.o
 .bss           0x00000000c00149c0        0x0 build/assert.o
 .bss           0x00000000c00149c0        0x0 build/wait_exit.o
 .bss           0x00000000c00149c0        0x0 build/pipe.o
 *(COMMON)
 COMMON         0x00000000c00149c0      0x444 build/interrupt.o
                0x00000000c00149c0                intr_name
                0x00000000c0014c00                idt_table
 COMMON         0x00000000c0014e04        0x4 build/timer.o
                0x00000000c0014e04                ticks
 *fill*         0x00000000c0014e08       0x38 
 COMMON         0x00000000c0014e40      0x12c build/memory.o
                0x00000000c0014e40                user_pool
                0x00000000c0014e80                k_block_descs
                0x00000000c0014f28                kernel_vaddr
                0x00000000c0014f40                kernel_pool
 *fill*         0x00000000c0014f6c       0x14 
 COMMON         0x00000000c0014f80       0x6c build/thread.o
                0x00000000c0014f80                pid_pool
                0x00000000c0014fa8                thread_ready_list
                0x00000000c0014fb8                thread_all_list
                0x00000000c0014fc8                idle_thread
                0x00000000c0014fcc                main_thread
                0x00000000c0014fd0                pid_lock
 *fill*         0x00000000c0014fec       0x14 
 COMMON         0x00000000c0015000      0x82c build/keyboard.o
                0x00000000c0015000                kbd_buf
 *fill*         0x00000000c001582c       0x14 
 COMMON         0x00000000c0015840       0x80 build/syscall-init.o
                0x00000000c0015840                syscall_table
 COMMON         0x00000000c00158c0      0xd10 build/ide.o
                0x00000000c00158c0                channel_cnt
                0x00000000c0015900                channels
                0x00000000c00165c0                partition_list
 COMMON         0x00000000c00165d0        0x4 build/fs.o
                0x00000000c00165d0                cur_part
 *fill*         0x00000000c00165d4       0x2c 
 COMMON         0x00000000c0016600      0x180 build/file.o
                0x00000000c0016600                file_table
 COMMON         0x00000000c0016780      0x208 build/dir.o
                0x00000000c0016780                root_dir
 *fill*         0x00000000c0016988       0x38 
 COMMON         0x00000000c00169c0       0x40 build/shell.o
                0x00000000c00169c0                argv
                0x00000000c0016a00                . = ALIGN ((. != 0x0)?0x4:0x1)
                0x00000000c0016a00                . = ALIGN (0x4)
                0x00000000c0016a00                . = SEGMENT_START ("ldata-segment", .)
                0x00000000c0016a00                . = ALIGN (0x4)
                0x00000000c0016a00                _end = .
                [!provide]                        PROVIDE (end = .)
                0x00000000c0016a00                . = DATA_SEGMENT_END (.)

.stab
 *(.stab)

.stabstr
 *(.stabstr)

.stab.excl
 *(.stab.excl)

.stab.exclstr
 *(.stab.exclstr)

.stab.index
 *(.stab.index)

.stab.indexstr
 *(.stab.indexstr)

.comment        0x0000000000000000       0x24
 *(.comment)
 .comment       0x0000000000000000       0x24 build/main.o
                                         0x25 (size before relaxing)
 .comment       0x0000000000000024       0x25 build/init.o
 .comment       0x0000000000000024       0x25 build/interrupt.o
 .comment       0x0000000000000024       0x25 build/timer.o
 .comment       0x0000000000000024       0x25 build/debug.o
 .comment       0x0000000000000024       0x25 build/string.o
 .comment       0x0000000000000024       0x25 build/bitmap.o
 .comment       0x0000000000000024       0x25 build/memory.o
 .comment       0x0000000000000024       0x25 build/thread.o
 .comment       0x0000000000000024       0x25 build/list.o
 .comment       0x0000000000000024       0x25 build/sync.o
 .comment       0x0000000000000024       0x25 build/console.o
 .comment       0x0000000000000024       0x25 build/keyboard.o
 .comment       0x0000000000000024       0x25 build/ioqueue.o
 .comment       0x0000000000000024       0x25 build/tss.o
 .comment       0x0000000000000024       0x25 build/process.o
 .comment       0x0000000000000024       0x25 build/syscall.o
 .comment       0x0000000000000024       0x25 build/syscall-init.o
 .comment       0x0000000000000024       0x25 build/stdio.o
 .comment       0x0000000000000024       0x25 build/stdio-kernel.o
 .comment       0x0000000000000024       0x25 build/ide.o
 .comment       0x0000000000000024       0x25 build/fs.o
 .comment       0x0000000000000024       0x25 build/inode.o
 .comment       0x0000000000000024       0x25 build/file.o
 .comment       0x0000000000000024       0x25 build/dir.o
 .comment       0x0000000000000024       0x25 build/fork.o
 .comment       0x0000000000000024       0x25 build/shell.o
 .comment       0x0000000000000024       0x25 build/buildin_cmd.o
 .comment       0x0000000000000024       0x25 build/exec.o
 .comment       0x0000000000000024       0x25 build/assert.o
 .comment       0x0000000000000024       0x25 build/wait_exit.o
 .comment       0x0000000000000024       0x25 build/pipe.o

.gnu.build.attributes
 *(.gnu.build.attributes .gnu.build.attributes.*)

.debug
 *(.debug)

.line
 *(.line)

.debug_srcinfo
 *(.debug_srcinfo)

.debug_sfnames
 *(.debug_sfnames)

.debug_aranges  0x0000000000000000      0x460
 *(.debug_aranges)
 .debug_aranges
                0x0000000000000000       0x20 build/main.o
 .debug_aranges
                0x0000000000000020       0x20 build/init.o
 .debug_aranges
                0x0000000000000040       0x20 build/interrupt.o
 .debug_aranges
                0x0000000000000060       0x20 build/timer.o
 .debug_aranges
                0x0000000000000080       0x20 build/kernel.o
 .debug_aranges
                0x00000000000000a0       0x20 build/print.o
 .debug_aranges
                0x00000000000000c0       0x20 build/debug.o
 .debug_aranges
                0x00000000000000e0       0x20 build/string.o
 .debug_aranges
                0x0000000000000100       0x20 build/bitmap.o
 .debug_aranges
                0x0000000000000120       0x20 build/memory.o
 .debug_aranges
                0x0000000000000140       0x20 build/thread.o
 .debug_aranges
                0x0000000000000160       0x20 build/list.o
 .debug_aranges
                0x0000000000000180       0x20 build/switch.o
 .debug_aranges
                0x00000000000001a0       0x20 build/sync.o
 .debug_aranges
                0x00000000000001c0       0x20 build/console.o
 .debug_aranges
                0x00000000000001e0       0x20 build/keyboard.o
 .debug_aranges
                0x0000000000000200       0x20 build/ioqueue.o
 .debug_aranges
                0x0000000000000220       0x20 build/tss.o
 .debug_aranges
                0x0000000000000240       0x20 build/process.o
 .debug_aranges
                0x0000000000000260       0x20 build/syscall.o
 .debug_aranges
                0x0000000000000280       0x20 build/syscall-init.o
 .debug_aranges
                0x00000000000002a0       0x20 build/stdio.o
 .debug_aranges
                0x00000000000002c0       0x20 build/stdio-kernel.o
 .debug_aranges
                0x00000000000002e0       0x20 build/ide.o
 .debug_aranges
                0x0000000000000300       0x20 build/fs.o
 .debug_aranges
                0x0000000000000320       0x20 build/inode.o
 .debug_aranges
                0x0000000000000340       0x20 build/file.o
 .debug_aranges
                0x0000000000000360       0x20 build/dir.o
 .debug_aranges
                0x0000000000000380       0x20 build/fork.o
 .debug_aranges
                0x00000000000003a0       0x20 build/shell.o
 .debug_aranges
                0x00000000000003c0       0x20 build/buildin_cmd.o
 .debug_aranges
                0x00000000000003e0       0x20 build/exec.o
 .debug_aranges
                0x0000000000000400       0x20 build/assert.o
 .debug_aranges
                0x0000000000000420       0x20 build/wait_exit.o
 .debug_aranges
                0x0000000000000440       0x20 build/pipe.o

.debug_pubnames
                0x0000000000000000        0x0
 *(.debug_pubnames)
 .debug_pubnames
                0x0000000000000000        0x0 build/kernel.o
 .debug_pubnames
                0x0000000000000000        0x0 build/print.o
 .debug_pubnames
                0x0000000000000000        0x0 build/switch.o

.debug_info     0x0000000000000000     0xc9a6
 *(.debug_info .gnu.linkonce.wi.*)
 .debug_info    0x0000000000000000      0x5af build/main.o
 .debug_info    0x00000000000005af       0x7d build/init.o
 .debug_info    0x000000000000062c      0x396 build/interrupt.o
 .debug_info    0x00000000000009c2      0x453 build/timer.o
 .debug_info    0x0000000000000e15       0x41 build/kernel.o
 .debug_info    0x0000000000000e56       0x44 build/print.o
 .debug_info    0x0000000000000e9a       0xc4 build/debug.o
 .debug_info    0x0000000000000f5e      0x457 build/string.o
 .debug_info    0x00000000000013b5      0x206 build/bitmap.o
 .debug_info    0x00000000000015bb      0xd71 build/memory.o
 .debug_info    0x000000000000232c      0xa82 build/thread.o
 .debug_info    0x0000000000002dae      0x32b build/list.o
 .debug_info    0x00000000000030d9       0x41 build/switch.o
 .debug_info    0x000000000000311a      0x4e8 build/sync.o
 .debug_info    0x0000000000003602      0x3df build/console.o
 .debug_info    0x00000000000039e1      0x4e8 build/keyboard.o
 .debug_info    0x0000000000003ec9      0x5ed build/ioqueue.o
 .debug_info    0x00000000000044b6      0x55e build/tss.o
 .debug_info    0x0000000000004a14      0x5ad build/process.o
 .debug_info    0x0000000000004fc1      0x915 build/syscall.o
 .debug_info    0x00000000000058d6      0x180 build/syscall-init.o
 .debug_info    0x0000000000005a56      0x236 build/stdio.o
 .debug_info    0x0000000000005c8c       0xdb build/stdio-kernel.o
 .debug_info    0x0000000000005d67      0xcd6 build/ide.o
 .debug_info    0x0000000000006a3d     0x168e build/fs.o
 .debug_info    0x00000000000080cb      0x9f7 build/inode.o
 .debug_info    0x0000000000008ac2      0xcac build/file.o
 .debug_info    0x000000000000976e      0xc6b build/dir.o
 .debug_info    0x000000000000a3d9      0x730 build/fork.o
 .debug_info    0x000000000000ab09      0x3bb build/shell.o
 .debug_info    0x000000000000aec4      0x5b6 build/buildin_cmd.o
 .debug_info    0x000000000000b47a      0x7ad build/exec.o
 .debug_info    0x000000000000bc27       0xc4 build/assert.o
 .debug_info    0x000000000000bceb      0x65a build/wait_exit.o
 .debug_info    0x000000000000c345      0x661 build/pipe.o

.debug_abbrev   0x0000000000000000     0x2bf9
 *(.debug_abbrev)
 .debug_abbrev  0x0000000000000000      0x14c build/main.o
 .debug_abbrev  0x000000000000014c       0x42 build/init.o
 .debug_abbrev  0x000000000000018e      0x199 build/interrupt.o
 .debug_abbrev  0x0000000000000327      0x169 build/timer.o
 .debug_abbrev  0x0000000000000490       0x1b build/kernel.o
 .debug_abbrev  0x00000000000004ab       0x1b build/print.o
 .debug_abbrev  0x00000000000004c6       0x63 build/debug.o
 .debug_abbrev  0x0000000000000529       0xe4 build/string.o
 .debug_abbrev  0x000000000000060d      0x103 build/bitmap.o
 .debug_abbrev  0x0000000000000710      0x23f build/memory.o
 .debug_abbrev  0x000000000000094f      0x2d1 build/thread.o
 .debug_abbrev  0x0000000000000c20      0x13b build/list.o
 .debug_abbrev  0x0000000000000d5b       0x1b build/switch.o
 .debug_abbrev  0x0000000000000d76      0x10a build/sync.o
 .debug_abbrev  0x0000000000000e80      0x114 build/console.o
 .debug_abbrev  0x0000000000000f94      0x14b build/keyboard.o
 .debug_abbrev  0x00000000000010df      0x190 build/ioqueue.o
 .debug_abbrev  0x000000000000126f      0x148 build/tss.o
 .debug_abbrev  0x00000000000013b7      0x14b build/process.o
 .debug_abbrev  0x0000000000001502      0x139 build/syscall.o
 .debug_abbrev  0x000000000000163b       0xab build/syscall-init.o
 .debug_abbrev  0x00000000000016e6       0xe8 build/stdio.o
 .debug_abbrev  0x00000000000017ce       0xa5 build/stdio-kernel.o
 .debug_abbrev  0x0000000000001873      0x25b build/ide.o
 .debug_abbrev  0x0000000000001ace      0x297 build/fs.o
 .debug_abbrev  0x0000000000001d65      0x197 build/inode.o
 .debug_abbrev  0x0000000000001efc      0x1ef build/file.o
 .debug_abbrev  0x00000000000020eb      0x1ea build/dir.o
 .debug_abbrev  0x00000000000022d5      0x16e build/fork.o
 .debug_abbrev  0x0000000000002443      0x175 build/shell.o
 .debug_abbrev  0x00000000000025b8      0x19d build/buildin_cmd.o
 .debug_abbrev  0x0000000000002755      0x15d build/exec.o
 .debug_abbrev  0x00000000000028b2       0x63 build/assert.o
 .debug_abbrev  0x0000000000002915      0x187 build/wait_exit.o
 .debug_abbrev  0x0000000000002a9c      0x15d build/pipe.o

.debug_line     0x0000000000000000     0x313f
 *(.debug_line .debug_line.* .debug_line_end)
 .debug_line    0x0000000000000000       0xe5 build/main.o
 .debug_line    0x00000000000000e5       0x4a build/init.o
 .debug_line    0x000000000000012f      0x12d build/interrupt.o
 .debug_line    0x000000000000025c       0xda build/timer.o
 .debug_line    0x0000000000000336      0x359 build/kernel.o
 .debug_line    0x000000000000068f       0xe8 build/print.o
 .debug_line    0x0000000000000777       0x4f build/debug.o
 .debug_line    0x00000000000007c6      0x149 build/string.o
 .debug_line    0x000000000000090f       0xa3 build/bitmap.o
 .debug_line    0x00000000000009b2      0x3b5 build/memory.o
 .debug_line    0x0000000000000d67      0x246 build/thread.o
 .debug_line    0x0000000000000fad       0xb2 build/list.o
 .debug_line    0x000000000000105f       0x49 build/switch.o
 .debug_line    0x00000000000010a8      0x11b build/sync.o
 .debug_line    0x00000000000011c3       0xb6 build/console.o
 .debug_line    0x0000000000001279      0x187 build/keyboard.o
 .debug_line    0x0000000000001400      0x146 build/ioqueue.o
 .debug_line    0x0000000000001546       0xc4 build/tss.o
 .debug_line    0x000000000000160a      0x10d build/process.o
 .debug_line    0x0000000000001717       0xe3 build/syscall.o
 .debug_line    0x00000000000017fa       0x8f build/syscall-init.o
 .debug_line    0x0000000000001889       0x9d build/stdio.o
 .debug_line    0x0000000000001926       0x61 build/stdio-kernel.o
 .debug_line    0x0000000000001987      0x264 build/ide.o
 .debug_line    0x0000000000001beb      0x58a build/fs.o
 .debug_line    0x0000000000002175      0x1d2 build/inode.o
 .debug_line    0x0000000000002347      0x325 build/file.o
 .debug_line    0x000000000000266c      0x2d1 build/dir.o
 .debug_line    0x000000000000293d      0x166 build/fork.o
 .debug_line    0x0000000000002aa3      0x150 build/shell.o
 .debug_line    0x0000000000002bf3      0x19d build/buildin_cmd.o
 .debug_line    0x0000000000002d90      0x12a build/exec.o
 .debug_line    0x0000000000002eba       0x46 build/assert.o
 .debug_line    0x0000000000002f00      0x131 build/wait_exit.o
 .debug_line    0x0000000000003031      0x10e build/pipe.o

.debug_frame    0x0000000000000000        0x0
 *(.debug_frame)
 .debug_frame   0x0000000000000000        0x0 build/kernel.o
 .debug_frame   0x0000000000000000        0x0 build/print.o
 .debug_frame   0x0000000000000000        0x0 build/switch.o

.debug_str      0x0000000000000000     0x2504
 *(.debug_str)
 .debug_str     0x0000000000000000      0x3c1 build/main.o
                                        0x454 (size before relaxing)
 .debug_str     0x00000000000003c1       0x17 build/init.o
                                        0x11a (size before relaxing)
 .debug_str     0x00000000000003d8      0x1be build/interrupt.o
                                        0x2f4 (size before relaxing)
 .debug_str     0x0000000000000596       0xb5 build/timer.o
                                        0x3aa (size before relaxing)
 .debug_str     0x000000000000064b       0x2d build/debug.o
                                        0x131 (size before relaxing)
 .debug_str     0x0000000000000678       0x70 build/string.o
                                        0x19f (size before relaxing)
 .debug_str     0x00000000000006e8       0x76 build/bitmap.o
                                        0x1c0 (size before relaxing)
 .debug_str     0x000000000000075e      0x296 build/memory.o
                                        0x655 (size before relaxing)
 .debug_str     0x00000000000009f4      0x22b build/thread.o
                                        0x5e3 (size before relaxing)
 .debug_str     0x0000000000000c1f       0x96 build/list.o
                                        0x206 (size before relaxing)
 .debug_str     0x0000000000000cb5       0x69 build/sync.o
                                        0x3ac (size before relaxing)
 .debug_str     0x0000000000000d1e       0x86 build/console.o
                                        0x398 (size before relaxing)
 .debug_str     0x0000000000000da4       0xc5 build/keyboard.o
                                        0x3f0 (size before relaxing)
 .debug_str     0x0000000000000e69       0x74 build/ioqueue.o
                                        0x3cb (size before relaxing)
 .debug_str     0x0000000000000edd       0xea build/tss.o
                                        0x3fd (size before relaxing)
 .debug_str     0x0000000000000fc7      0x10e build/process.o
                                        0x47b (size before relaxing)
 .debug_str     0x00000000000010d5      0x1b6 build/syscall.o
                                        0x3de (size before relaxing)
 .debug_str     0x000000000000128b       0x46 build/syscall-init.o
                                        0x280 (size before relaxing)
 .debug_str     0x00000000000012d1       0x61 build/stdio.o
                                        0x1a5 (size before relaxing)
 .debug_str     0x0000000000001332       0x21 build/stdio-kernel.o
                                        0x138 (size before relaxing)
 .debug_str     0x0000000000001353      0x218 build/ide.o
                                        0x63b (size before relaxing)
 .debug_str     0x000000000000156b      0x55f build/fs.o
                                        0xb40 (size before relaxing)
 .debug_str     0x0000000000001aca      0x111 build/inode.o
                                        0x689 (size before relaxing)
 .debug_str     0x0000000000001bdb      0x1a1 build/file.o
                                        0x845 (size before relaxing)
 .debug_str     0x0000000000001d7c      0x119 build/dir.o
                                        0x71c (size before relaxing)
 .debug_str     0x0000000000001e95      0x142 build/fork.o
                                        0x548 (size before relaxing)
 .debug_str     0x0000000000001fd7       0x9b build/shell.o
                                        0x24b (size before relaxing)
 .debug_str     0x0000000000002072      0x109 build/buildin_cmd.o
                                        0x349 (size before relaxing)
 .debug_str     0x000000000000217b      0x1fc build/exec.o
                                        0x5c5 (size before relaxing)
 .debug_str     0x0000000000002377       0x1c build/assert.o
                                        0x133 (size before relaxing)
 .debug_str     0x0000000000002393      0x103 build/wait_exit.o
                                        0x4db (size before relaxing)
 .debug_str     0x0000000000002496       0x6e build/pipe.o
                                        0x450 (size before relaxing)

.debug_loc      0x0000000000000000        0x0
 *(.debug_loc)
 .debug_loc     0x0000000000000000        0x0 build/kernel.o
 .debug_loc     0x0000000000000000        0x0 build/print.o
 .debug_loc     0x0000000000000000        0x0 build/switch.o

.debug_macinfo
 *(.debug_macinfo)

.debug_weaknames
 *(.debug_weaknames)

.debug_funcnames
 *(.debug_funcnames)

.debug_typenames
 *(.debug_typenames)

.debug_varnames
 *(.debug_varnames)

.debug_pubtypes
 *(.debug_pubtypes)

.debug_ranges
 *(.debug_ranges)

.debug_addr
 *(.debug_addr)

.debug_line_str
 *(.debug_line_str)

.debug_loclists
 *(.debug_loclists)

.debug_macro
 *(.debug_macro)

.debug_names
 *(.debug_names)

.debug_rnglists
 *(.debug_rnglists)

.debug_str_offsets
 *(.debug_str_offsets)

.debug_sup
 *(.debug_sup)

.gnu.attributes
 *(.gnu.attributes)

/DISCARD/
 *(.note.GNU-stack)
 *(.gnu_debuglink)
 *(.gnu.lto_*)
OUTPUT(build/kernel.bin elf32-i386)
